// Jest Snapshot v1, https://goo.gl/fbAQLP

exports[`Byte efficiency base audit should allow overriding of computeWasteWithTTIGraph 1`] = `
Object {
  "default": 960,
  "justTTI": 960,
}
`;

exports[`Byte efficiency base audit should create load simulator with the specified settings 1`] = `960`;

exports[`Byte efficiency base audit should create load simulator with the specified settings 2`] = `21500`;
