// Jest Snapshot v1, https://goo.gl/fbAQLP

exports[`Metrics: FMP should compute a simulated value 1`] = `
Object {
  "optimistic": 1033,
  "optimisticNodeTimings": 4,
  "pessimistic": 1069,
  "pessimisticNodeTimings": 5,
  "timing": 1051,
}
`;
