// Jest Snapshot v1, https://goo.gl/fbAQLP

exports[`Performance: first-meaningful-paint audit computes FMP correctly for simulated 1`] = `
Object {
  "numericValue": 1120.272,
  "score": 1,
}
`;
