// Jest Snapshot v1, https://goo.gl/fbAQLP

exports[`Metrics: Lantern FCP should compute predicted value 1`] = `
Object {
  "optimistic": 1033,
  "optimisticNodeTimings": 4,
  "pessimistic": 1033,
  "pessimisticNodeTimings": 4,
  "timing": 1033,
}
`;
